Cron test Sun Jun 21 03:10:01 CDT 2026
Cron test Sun Jun 21 03:11:01 CDT 2026
Cron test Sun Jun 21 03:12:01 CDT 2026
Cron test Sun Jun 21 03:13:01 CDT 2026
Cron test Sun Jun 21 03:14:01 CDT 2026
Cron test Sun Jun 21 03:15:01 CDT 2026
Cron test Sun Jun 21 03:16:01 CDT 2026
Cron test Sun Jun 21 03:17:01 CDT 2026
Cron test Sun Jun 21 03:18:01 CDT 2026
Cron test Sun Jun 21 03:19:01 CDT 2026
Cron test Sun Jun 21 03:20:01 CDT 2026
Cron test Sun Jun 21 03:21:01 CDT 2026
Cron test Sun Jun 21 03:22:01 CDT 2026
Cron test Sun Jun 21 03:25:50 CDT 2026
Cron test Sun Jun 21 03:25:51 CDT 2026
Cron test Sun Jun 21 03:25:51 CDT 2026
Cron test Sun Jun 21 03:26:01 CDT 2026
Cron test Sun Jun 21 03:27:02 CDT 2026
Cron test Sun Jun 21 03:28:01 CDT 2026
Cron test Sun Jun 21 03:29:01 CDT 2026
Cron test Sun Jun 21 03:30:01 CDT 2026
Cron test Sun Jun 21 03:31:01 CDT 2026
Cron test Sun Jun 21 03:32:01 CDT 2026
Cron test Sun Jun 21 03:33:01 CDT 2026
Cron test Sun Jun 21 03:34:01 CDT 2026
Cron test Sun Jun 21 03:35:01 CDT 2026
Cron test Sun Jun 21 03:36:01 CDT 2026
Cron test Sun Jun 21 03:37:01 CDT 2026
Cron test Sun Jun 21 03:38:02 CDT 2026
Cron test Sun Jun 21 03:39:01 CDT 2026
Cron test Sun Jun 21 03:40:01 CDT 2026
Cron test Sun Jun 21 03:41:01 CDT 2026
Cron test Sun Jun 21 03:42:01 CDT 2026
Cron test Sun Jun 21 03:43:01 CDT 2026
Cron test Sun Jun 21 03:44:01 CDT 2026
Cron test Sun Jun 21 03:45:01 CDT 2026
Cron test Sun Jun 21 03:46:01 CDT 2026
Cron test Sun Jun 21 03:47:01 CDT 2026
Cron test Sun Jun 21 03:48:01 CDT 2026
Cron test Sun Jun 21 03:49:01 CDT 2026
Cron test Sun Jun 21 03:50:01 CDT 2026
Cron test Sun Jun 21 03:51:01 CDT 2026
Cron test Sun Jun 21 03:52:01 CDT 2026
Cron test Sun Jun 21 03:53:01 CDT 2026
Cron test Sun Jun 21 03:54:01 CDT 2026
Cron test Sun Jun 21 03:55:01 CDT 2026
Cron test Sun Jun 21 03:56:01 CDT 2026
Cron test Sun Jun 21 03:57:01 CDT 2026
Cron test Sun Jun 21 03:58:01 CDT 2026
Cron test Sun Jun 21 03:59:01 CDT 2026
Cron test Sun Jun 21 04:00:01 CDT 2026
Cron test Sun Jun 21 04:01:02 CDT 2026
Cron test Sun Jun 21 04:02:01 CDT 2026
Cron test Sun Jun 21 04:03:01 CDT 2026
Cron test Sun Jun 21 04:04:01 CDT 2026
Cron test Sun Jun 21 04:05:01 CDT 2026
Cron test Sun Jun 21 04:06:01 CDT 2026
Cron test Sun Jun 21 04:07:01 CDT 2026
Cron test Sun Jun 21 04:08:01 CDT 2026
Cron test Sun Jun 21 04:09:01 CDT 2026
Cron test Sun Jun 21 04:10:01 CDT 2026
Cron test Sun Jun 21 04:11:01 CDT 2026
Cron test Sun Jun 21 04:12:01 CDT 2026
Cron test Sun Jun 21 04:13:01 CDT 2026
Cron test Sun Jun 21 04:14:01 CDT 2026
Cron test Sun Jun 21 04:15:01 CDT 2026
Cron test Sun Jun 21 04:16:01 CDT 2026
Cron test Sun Jun 21 04:17:01 CDT 2026
Cron test Sun Jun 21 04:18:01 CDT 2026
Cron test Sun Jun 21 04:19:01 CDT 2026
Cron test Sun Jun 21 04:20:01 CDT 2026
Cron test Sun Jun 21 04:21:01 CDT 2026
Cron test Sun Jun 21 04:22:02 CDT 2026
Cron test Sun Jun 21 04:23:01 CDT 2026
Cron test Sun Jun 21 04:24:01 CDT 2026
Cron test Sun Jun 21 04:25:01 CDT 2026
Cron test Sun Jun 21 04:26:01 CDT 2026
Cron test Sun Jun 21 04:27:01 CDT 2026
Cron test Sun Jun 21 04:28:01 CDT 2026
Cron test Sun Jun 21 04:29:01 CDT 2026
Cron test Sun Jun 21 04:30:01 CDT 2026
Cron test Sun Jun 21 04:31:01 CDT 2026
Cron test Sun Jun 21 04:32:01 CDT 2026
Cron test Sun Jun 21 04:33:01 CDT 2026
Cron test Sun Jun 21 04:34:01 CDT 2026
Cron test Sun Jun 21 04:35:01 CDT 2026
Cron test Sun Jun 21 04:36:01 CDT 2026
Cron test Sun Jun 21 04:37:01 CDT 2026
Cron test Sun Jun 21 04:38:01 CDT 2026
Cron test Sun Jun 21 04:39:01 CDT 2026
Cron test Sun Jun 21 04:43:39 CDT 2026
Cron test Sun Jun 21 04:43:39 CDT 2026
Cron test Sun Jun 21 04:43:39 CDT 2026
Cron test Sun Jun 21 04:43:39 CDT 2026
Cron test Sun Jun 21 04:44:02 CDT 2026
Cron test Sun Jun 21 10:13:59 CDT 2026
Cron test Sun Jun 21 10:14:01 CDT 2026
Cron test Sun Jun 21 10:15:01 CDT 2026
Cron test Sun Jun 21 10:16:01 CDT 2026
Cron test Sun Jun 21 10:17:01 CDT 2026
Cron test Sun Jun 21 10:18:01 CDT 2026
Cron test Sun Jun 21 10:19:01 CDT 2026
Cron test Sun Jun 21 10:20:01 CDT 2026
Cron test Sun Jun 21 10:21:01 CDT 2026
Cron test Sun Jun 21 10:22:01 CDT 2026
Cron test Sun Jun 21 10:23:01 CDT 2026
Cron test Sun Jun 21 10:24:01 CDT 2026
Cron test Sun Jun 21 10:25:01 CDT 2026
Cron test Sun Jun 21 10:26:01 CDT 2026
Cron test Sun Jun 21 10:27:01 CDT 2026
Cron test Sun Jun 21 10:28:01 CDT 2026
Cron test Sun Jun 21 10:29:01 CDT 2026
Cron test Sun Jun 21 10:30:01 CDT 2026
Cron test Sun Jun 21 10:31:01 CDT 2026
Cron test Sun Jun 21 10:32:01 CDT 2026
Cron test Sun Jun 21 10:33:01 CDT 2026
Cron test Sun Jun 21 10:34:01 CDT 2026
Cron test Sun Jun 21 10:35:01 CDT 2026
Cron test Sun Jun 21 10:36:01 CDT 2026
Cron test Sun Jun 21 10:37:01 CDT 2026
Cron test Sun Jun 21 10:38:01 CDT 2026
Cron test Sun Jun 21 10:39:01 CDT 2026
Cron test Sun Jun 21 10:40:02 CDT 2026
Cron test Sun Jun 21 10:41:01 CDT 2026
Cron test Sun Jun 21 10:42:01 CDT 2026
Cron test Sun Jun 21 10:43:01 CDT 2026
Cron test Sun Jun 21 10:44:01 CDT 2026
Cron test Sun Jun 21 10:45:01 CDT 2026
Cron test Sun Jun 21 10:46:01 CDT 2026
Cron test Sun Jun 21 10:47:01 CDT 2026
Cron test Sun Jun 21 10:48:01 CDT 2026
Cron test Sun Jun 21 10:49:01 CDT 2026
Cron test Sun Jun 21 10:50:01 CDT 2026
Cron test Sun Jun 21 10:51:01 CDT 2026
Cron test Sun Jun 21 10:52:01 CDT 2026
Cron test Sun Jun 21 10:53:01 CDT 2026
Cron test Sun Jun 21 10:54:01 CDT 2026
Cron test Sun Jun 21 10:55:01 CDT 2026
Cron test Sun Jun 21 10:56:01 CDT 2026
Cron test Sun Jun 21 10:57:01 CDT 2026
Cron test Sun Jun 21 10:58:01 CDT 2026
Cron test Sun Jun 21 10:59:01 CDT 2026
Cron test Sun Jun 21 11:00:02 CDT 2026
Cron test Sun Jun 21 11:01:01 CDT 2026
Cron test Sun Jun 21 11:02:01 CDT 2026
Cron test Sun Jun 21 11:03:01 CDT 2026
Cron test Sun Jun 21 11:04:01 CDT 2026
Cron test Sun Jun 21 11:05:01 CDT 2026
Cron test Sun Jun 21 11:06:01 CDT 2026
Cron test Sun Jun 21 11:07:01 CDT 2026
Cron test Sun Jun 21 11:08:01 CDT 2026
Cron test Sun Jun 21 11:09:01 CDT 2026
Cron test Sun Jun 21 11:10:01 CDT 2026
Cron test Sun Jun 21 11:11:01 CDT 2026
Cron test Sun Jun 21 11:12:01 CDT 2026
Cron test Sun Jun 21 11:13:01 CDT 2026
Cron test Sun Jun 21 11:14:01 CDT 2026
Cron test Sun Jun 21 11:15:01 CDT 2026
Cron test Sun Jun 21 11:16:01 CDT 2026
Cron test Sun Jun 21 11:17:02 CDT 2026
Cron test Sun Jun 21 11:18:01 CDT 2026
Cron test Sun Jun 21 11:19:01 CDT 2026
Cron test Sun Jun 21 11:20:01 CDT 2026
Cron test Sun Jun 21 11:21:01 CDT 2026
Cron test Sun Jun 21 11:22:01 CDT 2026
Cron test Sun Jun 21 11:23:01 CDT 2026
Cron test Sun Jun 21 11:24:19 CDT 2026
Cron test Sun Jun 21 11:25:01 CDT 2026
Cron test Sun Jun 21 11:26:01 CDT 2026
Cron test Sun Jun 21 11:27:01 CDT 2026
Cron test Sun Jun 21 11:28:01 CDT 2026
Cron test Sun Jun 21 11:29:02 CDT 2026
Cron test Sun Jun 21 11:30:01 CDT 2026
Cron test Sun Jun 21 11:31:01 CDT 2026
Cron test Sun Jun 21 11:32:01 CDT 2026
Cron test Sun Jun 21 11:33:01 CDT 2026
Cron test Sun Jun 21 11:34:01 CDT 2026
Cron test Sun Jun 21 11:35:01 CDT 2026
Cron test Sun Jun 21 11:36:01 CDT 2026
Cron test Sun Jun 21 11:37:01 CDT 2026
Cron test Sun Jun 21 11:38:01 CDT 2026
Cron test Sun Jun 21 11:39:01 CDT 2026
Cron test Sun Jun 21 11:40:01 CDT 2026
Cron test Sun Jun 21 11:41:01 CDT 2026
Cron test Sun Jun 21 11:42:01 CDT 2026
Cron test Sun Jun 21 11:43:01 CDT 2026
Cron test Sun Jun 21 11:44:01 CDT 2026
Cron test Sun Jun 21 11:45:01 CDT 2026
Cron test Sun Jun 21 11:46:02 CDT 2026
Cron test Sun Jun 21 11:47:01 CDT 2026
Cron test Sun Jun 21 11:48:01 CDT 2026
Cron test Sun Jun 21 11:49:01 CDT 2026
Cron test Sun Jun 21 11:50:01 CDT 2026
Cron test Sun Jun 21 11:51:01 CDT 2026
Cron test Sun Jun 21 11:52:01 CDT 2026
Cron test Sun Jun 21 11:53:01 CDT 2026
Cron test Sun Jun 21 11:54:01 CDT 2026
Cron test Sun Jun 21 11:55:01 CDT 2026
Cron test Sun Jun 21 11:56:01 CDT 2026
Cron test Sun Jun 21 11:57:01 CDT 2026
Cron test Sun Jun 21 11:58:01 CDT 2026
Cron test Sun Jun 21 11:59:01 CDT 2026
Cron test Sun Jun 21 12:00:01 CDT 2026
Cron test Sun Jun 21 12:01:09 CDT 2026
Cron test Sun Jun 21 12:02:02 CDT 2026
Cron test Sun Jun 21 12:03:01 CDT 2026
Cron test Sun Jun 21 12:04:01 CDT 2026
Cron test Sun Jun 21 12:05:01 CDT 2026
Cron test Sun Jun 21 12:06:01 CDT 2026
Cron test Sun Jun 21 12:07:01 CDT 2026
Cron test Sun Jun 21 12:08:01 CDT 2026
Cron test Sun Jun 21 12:09:01 CDT 2026
Cron test Sun Jun 21 12:10:01 CDT 2026
Cron test Sun Jun 21 12:11:01 CDT 2026
Cron test Sun Jun 21 12:12:01 CDT 2026
Cron test Sun Jun 21 12:13:01 CDT 2026
Cron test Sun Jun 21 12:14:01 CDT 2026
Cron test Sun Jun 21 12:15:01 CDT 2026
Cron test Sun Jun 21 12:16:01 CDT 2026
Cron test Sun Jun 21 12:17:01 CDT 2026
Cron test Sun Jun 21 12:18:02 CDT 2026
Cron test Sun Jun 21 12:19:01 CDT 2026
Cron test Sun Jun 21 12:20:01 CDT 2026
Cron test Sun Jun 21 12:21:01 CDT 2026
Cron test Sun Jun 21 12:22:01 CDT 2026
Cron test Sun Jun 21 12:23:01 CDT 2026
Cron test Sun Jun 21 12:24:01 CDT 2026
Cron test Sun Jun 21 12:25:01 CDT 2026
Cron test Sun Jun 21 12:26:01 CDT 2026
Cron test Sun Jun 21 12:27:01 CDT 2026
Cron test Sun Jun 21 12:28:01 CDT 2026
Cron test Sun Jun 21 12:29:01 CDT 2026
Cron test Sun Jun 21 12:30:01 CDT 2026
Cron test Sun Jun 21 12:31:01 CDT 2026
Cron test Sun Jun 21 12:32:01 CDT 2026
Cron test Sun Jun 21 12:33:01 CDT 2026
Cron test Sun Jun 21 12:34:01 CDT 2026
Cron test Sun Jun 21 12:35:01 CDT 2026
Cron test Sun Jun 21 12:36:01 CDT 2026
Cron test Sun Jun 21 12:37:01 CDT 2026
Cron test Sun Jun 21 12:38:01 CDT 2026
Cron test Sun Jun 21 12:39:01 CDT 2026
Cron test Sun Jun 21 12:40:01 CDT 2026
Cron test Sun Jun 21 12:41:02 CDT 2026
Cron test Sun Jun 21 12:42:01 CDT 2026
Cron test Sun Jun 21 12:43:01 CDT 2026
Cron test Sun Jun 21 12:44:01 CDT 2026
Cron test Sun Jun 21 12:45:01 CDT 2026
Cron test Sun Jun 21 12:46:01 CDT 2026
Cron test Sun Jun 21 12:47:01 CDT 2026
Cron test Sun Jun 21 12:48:01 CDT 2026
Cron test Sun Jun 21 12:49:01 CDT 2026
Cron test Sun Jun 21 12:50:01 CDT 2026
Cron test Sun Jun 21 12:51:01 CDT 2026
Cron test Sun Jun 21 12:52:01 CDT 2026
Cron test Sun Jun 21 12:53:01 CDT 2026
Cron test Sun Jun 21 12:54:01 CDT 2026
Cron test Sun Jun 21 12:55:01 CDT 2026
Cron test Sun Jun 21 12:56:01 CDT 2026
Cron test Sun Jun 21 12:57:01 CDT 2026
Cron test Sun Jun 21 12:58:01 CDT 2026
Cron test Sun Jun 21 12:59:01 CDT 2026
Cron test Sun Jun 21 13:00:01 CDT 2026
Cron test Sun Jun 21 13:01:01 CDT 2026
Cron test Sun Jun 21 13:02:02 CDT 2026
Cron test Sun Jun 21 13:03:01 CDT 2026
Cron test Sun Jun 21 13:04:01 CDT 2026
Cron test Sun Jun 21 13:05:01 CDT 2026
Cron test Sun Jun 21 13:06:01 CDT 2026
Cron test Sun Jun 21 13:07:01 CDT 2026
Cron test Sun Jun 21 13:08:01 CDT 2026
Cron test Sun Jun 21 13:09:01 CDT 2026
Cron test Sun Jun 21 13:10:13 CDT 2026
Cron test Sun Jun 21 13:11:02 CDT 2026
Cron test Sun Jun 21 13:12:01 CDT 2026
Cron test Sun Jun 21 13:13:01 CDT 2026
Cron test Sun Jun 21 13:14:01 CDT 2026
Cron test Sun Jun 21 13:15:01 CDT 2026
Cron test Sun Jun 21 13:16:01 CDT 2026
Cron test Sun Jun 21 13:17:01 CDT 2026
Cron test Sun Jun 21 13:18:01 CDT 2026
Cron test Sun Jun 21 13:19:01 CDT 2026
Cron test Sun Jun 21 13:20:01 CDT 2026
Cron test Sun Jun 21 13:21:01 CDT 2026
Cron test Sun Jun 21 13:22:01 CDT 2026
Cron test Sun Jun 21 13:23:01 CDT 2026
Cron test Sun Jun 21 15:27:03 CDT 2026
Cron test Sun Jun 21 15:28:01 CDT 2026
Cron test Sun Jun 21 15:29:01 CDT 2026
Cron test Sun Jun 21 15:30:01 CDT 2026
Cron test Sun Jun 21 15:31:01 CDT 2026
Cron test Sun Jun 21 15:32:01 CDT 2026
Cron test Sun Jun 21 15:33:01 CDT 2026
Cron test Sun Jun 21 15:34:01 CDT 2026
Cron test Sun Jun 21 15:35:01 CDT 2026
Cron test Sun Jun 21 15:36:01 CDT 2026
Cron test Sun Jun 21 15:37:01 CDT 2026
Cron test Sun Jun 21 15:38:02 CDT 2026
Cron test Sun Jun 21 15:39:01 CDT 2026
Cron test Sun Jun 21 15:40:01 CDT 2026
Cron test Sun Jun 21 15:41:01 CDT 2026
Cron test Sun Jun 21 15:42:01 CDT 2026
Cron test Sun Jun 21 15:43:01 CDT 2026
Cron test Sun Jun 21 15:44:01 CDT 2026
Cron test Sun Jun 21 15:45:01 CDT 2026
Cron test Sun Jun 21 15:46:01 CDT 2026
Cron test Sun Jun 21 15:47:01 CDT 2026
Cron test Sun Jun 21 15:48:01 CDT 2026
Cron test Sun Jun 21 15:49:01 CDT 2026
Cron test Sun Jun 21 15:50:01 CDT 2026
Cron test Sun Jun 21 15:51:01 CDT 2026
Cron test Sun Jun 21 15:52:01 CDT 2026
Cron test Sun Jun 21 15:53:01 CDT 2026
Cron test Sun Jun 21 15:54:01 CDT 2026
Cron test Sun Jun 21 15:55:01 CDT 2026
Cron test Sun Jun 21 15:56:01 CDT 2026
Cron test Sun Jun 21 15:57:01 CDT 2026
Cron test Sun Jun 21 15:58:01 CDT 2026
Cron test Sun Jun 21 15:59:01 CDT 2026
Cron test Sun Jun 21 16:00:01 CDT 2026
Cron test Sun Jun 21 16:01:01 CDT 2026
Cron test Sun Jun 21 16:02:01 CDT 2026
Cron test Sun Jun 21 16:03:01 CDT 2026
Cron test Sun Jun 21 16:04:01 CDT 2026
Cron test Sun Jun 21 16:05:01 CDT 2026
Cron test Sun Jun 21 16:06:01 CDT 2026
Cron test Sun Jun 21 16:07:01 CDT 2026
Cron test Sun Jun 21 16:08:01 CDT 2026
Cron test Sun Jun 21 16:09:01 CDT 2026
Cron test Sun Jun 21 16:10:01 CDT 2026
Cron test Sun Jun 21 16:11:01 CDT 2026
Cron test Sun Jun 21 16:12:01 CDT 2026
Cron test Sun Jun 21 16:13:01 CDT 2026
Cron test Sun Jun 21 16:14:01 CDT 2026
Cron test Sun Jun 21 16:15:01 CDT 2026
Cron test Sun Jun 21 16:16:01 CDT 2026
Cron test Sun Jun 21 16:17:01 CDT 2026
Cron test Sun Jun 21 16:18:01 CDT 2026
Cron test Sun Jun 21 16:19:01 CDT 2026
Cron test Sun Jun 21 16:20:01 CDT 2026
Cron test Sun Jun 21 16:21:01 CDT 2026
Cron test Sun Jun 21 16:22:01 CDT 2026
Cron test Sun Jun 21 16:23:01 CDT 2026
Cron test Sun Jun 21 16:24:01 CDT 2026
Cron test Sun Jun 21 16:25:01 CDT 2026
Cron test Sun Jun 21 16:26:01 CDT 2026
Cron test Sun Jun 21 16:27:01 CDT 2026
Cron test Sun Jun 21 16:28:01 CDT 2026
Cron test Sun Jun 21 16:29:01 CDT 2026
Cron test Sun Jun 21 16:30:01 CDT 2026
Cron test Sun Jun 21 16:31:01 CDT 2026
Cron test Sun Jun 21 16:32:01 CDT 2026
Cron test Sun Jun 21 16:33:01 CDT 2026
Cron test Sun Jun 21 16:34:02 CDT 2026
Cron test Sun Jun 21 16:35:01 CDT 2026
Cron test Sun Jun 21 16:36:01 CDT 2026
Cron test Sun Jun 21 16:37:01 CDT 2026
Cron test Sun Jun 21 16:38:01 CDT 2026
Cron test Sun Jun 21 16:39:01 CDT 2026
Cron test Sun Jun 21 16:40:01 CDT 2026
Cron test Sun Jun 21 16:41:01 CDT 2026
Cron test Sun Jun 21 16:42:01 CDT 2026
Cron test Sun Jun 21 16:43:01 CDT 2026
Cron test Sun Jun 21 16:44:01 CDT 2026
Cron test Sun Jun 21 16:45:01 CDT 2026
Cron test Sun Jun 21 16:46:01 CDT 2026
Cron test Sun Jun 21 16:47:01 CDT 2026
Cron test Sun Jun 21 16:48:01 CDT 2026
Cron test Sun Jun 21 16:49:01 CDT 2026
Cron test Sun Jun 21 16:50:02 CDT 2026
Cron test Sun Jun 21 16:51:01 CDT 2026
Cron test Sun Jun 21 16:52:01 CDT 2026
Cron test Sun Jun 21 16:53:01 CDT 2026
Cron test Sun Jun 21 16:54:01 CDT 2026
Cron test Sun Jun 21 16:55:01 CDT 2026
Cron test Mon Jun 22 12:56:45 CDT 2026
Cron test Mon Jun 22 12:57:01 CDT 2026
Cron test Mon Jun 22 12:58:01 CDT 2026
Cron test Mon Jun 22 12:59:01 CDT 2026
Cron test Mon Jun 22 13:00:01 CDT 2026
Cron test Mon Jun 22 13:01:01 CDT 2026
Cron test Mon Jun 22 13:02:01 CDT 2026
Cron test Mon Jun 22 13:03:01 CDT 2026
Cron test Mon Jun 22 13:04:01 CDT 2026
Cron test Mon Jun 22 13:05:01 CDT 2026
Cron test Mon Jun 22 13:06:01 CDT 2026
Cron test Mon Jun 22 13:07:01 CDT 2026
Cron test Mon Jun 22 13:08:01 CDT 2026
Cron test Mon Jun 22 13:09:01 CDT 2026
Cron test Mon Jun 22 13:10:01 CDT 2026
Cron test Mon Jun 22 13:11:01 CDT 2026
Cron test Mon Jun 22 13:12:01 CDT 2026
Cron test Mon Jun 22 13:13:01 CDT 2026
Cron test Mon Jun 22 13:14:01 CDT 2026
Cron test Mon Jun 22 13:15:01 CDT 2026
Cron test Mon Jun 22 13:16:01 CDT 2026
Cron test Mon Jun 22 13:17:01 CDT 2026
Cron test Mon Jun 22 13:18:01 CDT 2026
Cron test Mon Jun 22 13:19:01 CDT 2026
Cron test Mon Jun 22 13:20:01 CDT 2026
Cron test Mon Jun 22 13:21:01 CDT 2026
Cron test Mon Jun 22 13:22:01 CDT 2026
Cron test Mon Jun 22 13:23:01 CDT 2026
Cron test Mon Jun 22 13:24:01 CDT 2026
Cron test Mon Jun 22 13:25:01 CDT 2026
Cron test Mon Jun 22 13:26:01 CDT 2026
Cron test Mon Jun 22 13:27:01 CDT 2026
Cron test Mon Jun 22 13:28:01 CDT 2026
Cron test Mon Jun 22 13:29:02 CDT 2026
Cron test Mon Jun 22 13:30:01 CDT 2026
Cron test Mon Jun 22 13:31:01 CDT 2026
Cron test Mon Jun 22 13:32:01 CDT 2026
Cron test Mon Jun 22 13:33:01 CDT 2026
Cron test Mon Jun 22 13:34:01 CDT 2026
Cron test Mon Jun 22 13:35:01 CDT 2026
Cron test Mon Jun 22 13:36:01 CDT 2026
Cron test Mon Jun 22 13:37:01 CDT 2026
Cron test Mon Jun 22 13:38:01 CDT 2026
Cron test Mon Jun 22 13:39:01 CDT 2026
Cron test Mon Jun 22 13:40:01 CDT 2026
Cron test Mon Jun 22 13:41:01 CDT 2026
Cron test Mon Jun 22 13:42:01 CDT 2026
Cron test Mon Jun 22 13:43:01 CDT 2026
Cron test Mon Jun 22 13:44:01 CDT 2026
Cron test Mon Jun 22 13:45:01 CDT 2026
Cron test Mon Jun 22 13:46:01 CDT 2026
Cron test Mon Jun 22 13:47:02 CDT 2026
Cron test Mon Jun 22 13:48:01 CDT 2026
Cron test Mon Jun 22 13:49:01 CDT 2026
Cron test Mon Jun 22 13:50:01 CDT 2026
Cron test Mon Jun 22 13:51:02 CDT 2026
Cron test Tue Jun 23 01:13:54 CDT 2026
Cron test Tue Jun 23 01:14:02 CDT 2026
Cron test Tue Jun 23 01:15:01 CDT 2026
Cron test Tue Jun 23 01:16:01 CDT 2026
Cron test Tue Jun 23 01:17:01 CDT 2026
Cron test Tue Jun 23 01:18:01 CDT 2026
Cron test Tue Jun 23 01:19:01 CDT 2026
Cron test Tue Jun 23 01:20:02 CDT 2026
Cron test Tue Jun 23 01:21:01 CDT 2026
Cron test Tue Jun 23 01:22:02 CDT 2026
Cron test Tue Jun 23 01:23:01 CDT 2026
Cron test Tue Jun 23 01:24:01 CDT 2026
Cron test Tue Jun 23 01:25:01 CDT 2026
Cron test Tue Jun 23 01:26:01 CDT 2026
Cron test Tue Jun 23 01:27:01 CDT 2026
Cron test Tue Jun 23 01:28:01 CDT 2026
Cron test Tue Jun 23 01:29:01 CDT 2026
Cron test Tue Jun 23 01:30:01 CDT 2026
Cron test Tue Jun 23 01:31:01 CDT 2026
Cron test Tue Jun 23 01:32:01 CDT 2026
Cron test Tue Jun 23 01:33:01 CDT 2026
Cron test Tue Jun 23 01:34:01 CDT 2026
Cron test Tue Jun 23 01:35:01 CDT 2026
Cron test Tue Jun 23 01:36:01 CDT 2026
Cron test Tue Jun 23 01:37:01 CDT 2026
Cron test Tue Jun 23 01:38:01 CDT 2026
Cron test Tue Jun 23 01:39:01 CDT 2026
Cron test Tue Jun 23 01:40:02 CDT 2026
Cron test Tue Jun 23 01:41:01 CDT 2026
Cron test Tue Jun 23 01:42:01 CDT 2026
Cron test Tue Jun 23 01:43:01 CDT 2026
Cron test Tue Jun 23 01:44:01 CDT 2026
Cron test Tue Jun 23 01:45:01 CDT 2026
Cron test Tue Jun 23 01:46:01 CDT 2026
Cron test Tue Jun 23 01:47:01 CDT 2026
Cron test Tue Jun 23 01:48:01 CDT 2026
Cron test Tue Jun 23 01:49:01 CDT 2026
Cron test Tue Jun 23 01:50:01 CDT 2026
Cron test Tue Jun 23 01:51:01 CDT 2026
Cron test Tue Jun 23 01:52:01 CDT 2026
Cron test Tue Jun 23 01:53:01 CDT 2026
Cron test Tue Jun 23 01:54:01 CDT 2026
Cron test Tue Jun 23 01:55:01 CDT 2026
Cron test Tue Jun 23 01:56:01 CDT 2026
Cron test Tue Jun 23 01:57:01 CDT 2026
Cron test Tue Jun 23 01:58:01 CDT 2026
Cron test Tue Jun 23 01:59:01 CDT 2026
Cron test Tue Jun 23 02:00:01 CDT 2026
Cron test Tue Jun 23 02:01:01 CDT 2026
Cron test Tue Jun 23 02:02:01 CDT 2026
Cron test Tue Jun 23 02:03:01 CDT 2026
Cron test Tue Jun 23 02:04:01 CDT 2026
Cron test Tue Jun 23 02:05:01 CDT 2026
Cron test Tue Jun 23 02:06:01 CDT 2026
Cron test Tue Jun 23 02:07:01 CDT 2026
Cron test Tue Jun 23 02:08:01 CDT 2026
Cron test Tue Jun 23 02:09:01 CDT 2026
Cron test Tue Jun 23 02:10:01 CDT 2026
Cron test Tue Jun 23 02:11:01 CDT 2026
Cron test Tue Jun 23 02:12:01 CDT 2026
Cron test Tue Jun 23 02:13:01 CDT 2026
Cron test Tue Jun 23 02:14:01 CDT 2026
Cron test Tue Jun 23 02:15:01 CDT 2026
Cron test Tue Jun 23 02:16:01 CDT 2026
Cron test Tue Jun 23 02:17:01 CDT 2026
Cron test Tue Jun 23 02:18:01 CDT 2026
Cron test Tue Jun 23 02:19:01 CDT 2026
Cron test Tue Jun 23 02:20:01 CDT 2026
Cron test Tue Jun 23 02:21:01 CDT 2026
Cron test Tue Jun 23 02:22:02 CDT 2026
Cron test Tue Jun 23 02:23:01 CDT 2026
Cron test Tue Jun 23 02:24:01 CDT 2026
Cron test Tue Jun 23 02:25:01 CDT 2026
Cron test Tue Jun 23 02:26:01 CDT 2026
Cron test Tue Jun 23 02:27:01 CDT 2026
Cron test Tue Jun 23 02:28:01 CDT 2026
Cron test Tue Jun 23 02:29:01 CDT 2026
Cron test Tue Jun 23 02:30:01 CDT 2026
Cron test Tue Jun 23 02:31:01 CDT 2026
Cron test Tue Jun 23 02:32:01 CDT 2026
Cron test Tue Jun 23 02:33:02 CDT 2026
Cron test Tue Jun 23 02:34:01 CDT 2026
Cron test Tue Jun 23 02:35:01 CDT 2026
Cron test Tue Jun 23 02:36:01 CDT 2026
Cron test Tue Jun 23 02:37:01 CDT 2026
Cron test Tue Jun 23 02:38:01 CDT 2026
Cron test Tue Jun 23 02:39:01 CDT 2026
Cron test Tue Jun 23 02:40:01 CDT 2026
Cron test Tue Jun 23 02:41:01 CDT 2026
Cron test Tue Jun 23 02:42:01 CDT 2026
Cron test Tue Jun 23 02:43:01 CDT 2026
Cron test Tue Jun 23 02:44:03 CDT 2026
Cron test Tue Jun 23 02:45:01 CDT 2026
Cron test Tue Jun 23 02:46:01 CDT 2026
Cron test Tue Jun 23 02:47:01 CDT 2026
Cron test Tue Jun 23 02:48:01 CDT 2026
Cron test Tue Jun 23 02:49:01 CDT 2026
Cron test Tue Jun 23 02:50:01 CDT 2026
Cron test Tue Jun 23 02:51:01 CDT 2026
Cron test Tue Jun 23 02:52:01 CDT 2026
Cron test Tue Jun 23 02:53:01 CDT 2026
Cron test Tue Jun 23 02:54:01 CDT 2026
Cron test Tue Jun 23 02:55:01 CDT 2026
Cron test Tue Jun 23 02:56:01 CDT 2026
Cron test Tue Jun 23 02:57:01 CDT 2026
Cron test Tue Jun 23 02:58:01 CDT 2026
Cron test Tue Jun 23 02:59:02 CDT 2026
Cron test Tue Jun 23 03:00:01 CDT 2026
Cron test Tue Jun 23 03:01:01 CDT 2026
Cron test Tue Jun 23 03:02:01 CDT 2026
Cron test Tue Jun 23 03:03:01 CDT 2026
Cron test Tue Jun 23 03:04:01 CDT 2026
Cron test Tue Jun 23 03:05:01 CDT 2026
Cron test Tue Jun 23 03:06:01 CDT 2026
Cron test Tue Jun 23 03:07:01 CDT 2026
Cron test Tue Jun 23 03:08:01 CDT 2026
Cron test Tue Jun 23 03:09:01 CDT 2026
Cron test Tue Jun 23 03:10:01 CDT 2026
Cron test Tue Jun 23 03:12:34 CDT 2026
Cron test Tue Jun 23 03:12:34 CDT 2026
Cron test Tue Jun 23 03:13:02 CDT 2026
Cron test Tue Jun 23 03:14:01 CDT 2026
Cron test Tue Jun 23 03:15:01 CDT 2026
Cron test Tue Jun 23 03:16:01 CDT 2026
Cron test Tue Jun 23 03:17:01 CDT 2026
Cron test Tue Jun 23 03:18:01 CDT 2026
Cron test Tue Jun 23 03:19:01 CDT 2026
Cron test Tue Jun 23 03:20:01 CDT 2026
Cron test Tue Jun 23 03:21:22 CDT 2026
Cron test Tue Jun 23 03:22:02 CDT 2026
Cron test Tue Jun 23 03:23:01 CDT 2026
Cron test Tue Jun 23 03:24:01 CDT 2026
Cron test Tue Jun 23 03:25:01 CDT 2026
Cron test Tue Jun 23 03:26:01 CDT 2026
Cron test Tue Jun 23 03:27:01 CDT 2026
Cron test Tue Jun 23 03:28:01 CDT 2026
Cron test Tue Jun 23 03:29:01 CDT 2026
Cron test Tue Jun 23 03:30:01 CDT 2026
Cron test Tue Jun 23 03:31:01 CDT 2026
Cron test Tue Jun 23 03:32:01 CDT 2026
Cron test Tue Jun 23 03:33:01 CDT 2026
Cron test Tue Jun 23 03:34:01 CDT 2026
Cron test Tue Jun 23 03:35:01 CDT 2026
Cron test Tue Jun 23 03:36:01 CDT 2026
Cron test Tue Jun 23 03:37:01 CDT 2026
Cron test Tue Jun 23 03:38:01 CDT 2026
Cron test Tue Jun 23 03:39:01 CDT 2026
Cron test Tue Jun 23 03:40:01 CDT 2026
Cron test Tue Jun 23 03:41:01 CDT 2026
Cron test Tue Jun 23 03:42:01 CDT 2026
Cron test Tue Jun 23 03:43:01 CDT 2026
Cron test Tue Jun 23 03:44:01 CDT 2026
Cron test Tue Jun 23 03:45:01 CDT 2026
Cron test Tue Jun 23 03:46:01 CDT 2026
Cron test Tue Jun 23 03:47:01 CDT 2026
Cron test Tue Jun 23 03:48:01 CDT 2026
Cron test Tue Jun 23 03:49:01 CDT 2026
Cron test Tue Jun 23 03:50:02 CDT 2026
Cron test Tue Jun 23 03:51:01 CDT 2026
Cron test Tue Jun 23 03:52:01 CDT 2026
Cron test Tue Jun 23 03:53:01 CDT 2026
Cron test Tue Jun 23 03:54:01 CDT 2026
Cron test Tue Jun 23 03:55:01 CDT 2026
Cron test Tue Jun 23 03:56:01 CDT 2026
Cron test Tue Jun 23 03:57:01 CDT 2026
Cron test Tue Jun 23 03:58:01 CDT 2026
Cron test Tue Jun 23 03:59:01 CDT 2026
Cron test Tue Jun 23 04:00:01 CDT 2026
Cron test Tue Jun 23 04:01:01 CDT 2026
Cron test Tue Jun 23 04:04:45 CDT 2026
Cron test Tue Jun 23 04:04:45 CDT 2026
Cron test Tue Jun 23 04:04:45 CDT 2026
Cron test Tue Jun 23 04:05:02 CDT 2026
Cron test Tue Jun 23 11:19:33 CDT 2026
Cron test Tue Jun 23 11:20:03 CDT 2026
Cron test Tue Jun 23 11:21:01 CDT 2026
Cron test Tue Jun 23 11:22:01 CDT 2026
Cron test Tue Jun 23 11:23:01 CDT 2026
Cron test Tue Jun 23 11:24:01 CDT 2026
Cron test Tue Jun 23 11:25:01 CDT 2026
Cron test Tue Jun 23 11:26:01 CDT 2026
Cron test Tue Jun 23 11:27:27 CDT 2026
Cron test Tue Jun 23 11:28:02 CDT 2026
Cron test Tue Jun 23 11:29:01 CDT 2026
Cron test Tue Jun 23 11:30:01 CDT 2026
Cron test Tue Jun 23 11:31:01 CDT 2026
Cron test Tue Jun 23 11:32:01 CDT 2026
Cron test Tue Jun 23 11:33:01 CDT 2026
Cron test Tue Jun 23 11:34:01 CDT 2026
Cron test Tue Jun 23 11:35:01 CDT 2026
Cron test Tue Jun 23 11:36:01 CDT 2026
Cron test Tue Jun 23 11:37:02 CDT 2026
Cron test Tue Jun 23 11:38:01 CDT 2026
Cron test Tue Jun 23 11:39:01 CDT 2026
Cron test Tue Jun 23 11:40:01 CDT 2026
Cron test Tue Jun 23 11:41:01 CDT 2026
Cron test Tue Jun 23 11:42:01 CDT 2026
Cron test Tue Jun 23 11:43:01 CDT 2026
Cron test Tue Jun 23 11:44:01 CDT 2026
Cron test Tue Jun 23 11:45:01 CDT 2026
Cron test Tue Jun 23 11:46:01 CDT 2026
Cron test Tue Jun 23 11:47:01 CDT 2026
Cron test Tue Jun 23 11:48:01 CDT 2026
Cron test Tue Jun 23 11:49:01 CDT 2026
Cron test Tue Jun 23 11:50:01 CDT 2026
Cron test Tue Jun 23 11:51:01 CDT 2026
Cron test Tue Jun 23 11:52:01 CDT 2026
Cron test Tue Jun 23 11:53:01 CDT 2026
Cron test Tue Jun 23 11:54:01 CDT 2026
Cron test Tue Jun 23 11:55:01 CDT 2026
Cron test Tue Jun 23 11:56:01 CDT 2026
Cron test Tue Jun 23 11:57:02 CDT 2026
Cron test Tue Jun 23 11:58:01 CDT 2026
Cron test Tue Jun 23 11:59:01 CDT 2026
Cron test Tue Jun 23 12:00:01 CDT 2026
Cron test Tue Jun 23 12:01:01 CDT 2026
Cron test Tue Jun 23 12:02:01 CDT 2026
Cron test Tue Jun 23 12:03:01 CDT 2026
Cron test Tue Jun 23 12:04:02 CDT 2026
Cron test Tue Jun 23 12:05:01 CDT 2026
Cron test Tue Jun 23 12:06:01 CDT 2026
Cron test Tue Jun 23 12:07:01 CDT 2026
Cron test Tue Jun 23 12:08:01 CDT 2026
Cron test Tue Jun 23 12:09:20 CDT 2026
Cron test Tue Jun 23 12:10:03 CDT 2026
Cron test Tue Jun 23 12:11:01 CDT 2026
Cron test Tue Jun 23 12:12:01 CDT 2026
Cron test Tue Jun 23 12:13:01 CDT 2026
Cron test Tue Jun 23 12:14:01 CDT 2026
Cron test Tue Jun 23 12:15:01 CDT 2026
Cron test Tue Jun 23 12:16:01 CDT 2026
Cron test Tue Jun 23 12:17:01 CDT 2026
Cron test Tue Jun 23 12:18:01 CDT 2026
Cron test Tue Jun 23 12:19:01 CDT 2026
Cron test Tue Jun 23 12:20:01 CDT 2026
Cron test Tue Jun 23 12:21:01 CDT 2026
Cron test Tue Jun 23 12:22:01 CDT 2026
Cron test Tue Jun 23 12:23:01 CDT 2026
Cron test Tue Jun 23 12:24:01 CDT 2026
Cron test Tue Jun 23 12:25:01 CDT 2026
Cron test Tue Jun 23 12:26:02 CDT 2026
Cron test Tue Jun 23 12:27:01 CDT 2026
Cron test Tue Jun 23 12:28:01 CDT 2026
Cron test Tue Jun 23 12:29:01 CDT 2026
Cron test Tue Jun 23 12:30:01 CDT 2026
Cron test Tue Jun 23 12:31:01 CDT 2026
Cron test Tue Jun 23 12:32:01 CDT 2026
Cron test Tue Jun 23 12:33:01 CDT 2026
Cron test Tue Jun 23 12:34:01 CDT 2026
Cron test Tue Jun 23 12:35:01 CDT 2026
Cron test Tue Jun 23 12:36:01 CDT 2026
Cron test Tue Jun 23 12:37:01 CDT 2026
Cron test Tue Jun 23 12:38:01 CDT 2026
Cron test Tue Jun 23 12:39:01 CDT 2026
Cron test Tue Jun 23 12:40:01 CDT 2026
Cron test Tue Jun 23 12:41:01 CDT 2026
Cron test Tue Jun 23 12:42:01 CDT 2026
Cron test Tue Jun 23 12:43:01 CDT 2026
Cron test Tue Jun 23 12:44:01 CDT 2026
Cron test Tue Jun 23 12:45:01 CDT 2026
Cron test Tue Jun 23 12:46:01 CDT 2026
Cron test Tue Jun 23 12:47:01 CDT 2026
Cron test Tue Jun 23 12:48:01 CDT 2026
Cron test Tue Jun 23 12:49:01 CDT 2026
Cron test Tue Jun 23 12:50:01 CDT 2026
Cron test Tue Jun 23 12:51:01 CDT 2026
Cron test Tue Jun 23 12:52:01 CDT 2026
Cron test Tue Jun 23 12:53:01 CDT 2026
Cron test Tue Jun 23 12:54:01 CDT 2026
Cron test Tue Jun 23 12:55:02 CDT 2026
Cron test Tue Jun 23 12:56:01 CDT 2026
Cron test Tue Jun 23 12:57:01 CDT 2026
Cron test Tue Jun 23 12:58:01 CDT 2026
Cron test Tue Jun 23 12:59:01 CDT 2026
Cron test Tue Jun 23 13:00:01 CDT 2026
Cron test Tue Jun 23 13:01:01 CDT 2026
Cron test Tue Jun 23 13:02:01 CDT 2026
Cron test Tue Jun 23 13:03:01 CDT 2026
Cron test Tue Jun 23 13:04:01 CDT 2026
Cron test Tue Jun 23 13:05:01 CDT 2026
Cron test Tue Jun 23 13:06:01 CDT 2026
Cron test Tue Jun 23 13:07:01 CDT 2026
Cron test Tue Jun 23 13:08:01 CDT 2026
Cron test Tue Jun 23 13:09:02 CDT 2026
Cron test Tue Jun 23 13:10:01 CDT 2026
Cron test Tue Jun 23 13:11:01 CDT 2026
Cron test Tue Jun 23 13:12:01 CDT 2026
Cron test Tue Jun 23 13:13:01 CDT 2026
Cron test Tue Jun 23 13:14:01 CDT 2026
Cron test Tue Jun 23 13:15:01 CDT 2026
Cron test Tue Jun 23 13:16:01 CDT 2026
Cron test Tue Jun 23 13:17:01 CDT 2026
Cron test Tue Jun 23 13:18:01 CDT 2026
Cron test Tue Jun 23 13:19:01 CDT 2026
Cron test Tue Jun 23 13:20:02 CDT 2026
Cron test Tue Jun 23 13:28:45 CDT 2026
Cron test Tue Jun 23 13:29:02 CDT 2026
Cron test Tue Jun 23 13:30:01 CDT 2026
Cron test Tue Jun 23 13:31:01 CDT 2026
Cron test Tue Jun 23 13:32:01 CDT 2026
Cron test Tue Jun 23 13:33:01 CDT 2026
Cron test Tue Jun 23 13:34:01 CDT 2026
Cron test Tue Jun 23 13:35:01 CDT 2026
Cron test Tue Jun 23 13:36:01 CDT 2026
Cron test Tue Jun 23 13:37:01 CDT 2026
Cron test Tue Jun 23 13:38:01 CDT 2026
Cron test Tue Jun 23 13:39:01 CDT 2026
Cron test Tue Jun 23 13:40:01 CDT 2026
Cron test Tue Jun 23 13:41:01 CDT 2026
Cron test Tue Jun 23 13:42:01 CDT 2026
Cron test Tue Jun 23 13:43:01 CDT 2026
Cron test Tue Jun 23 13:44:01 CDT 2026
Cron test Tue Jun 23 13:45:01 CDT 2026
Cron test Tue Jun 23 13:46:01 CDT 2026
Cron test Tue Jun 23 13:47:01 CDT 2026
Cron test Tue Jun 23 13:48:01 CDT 2026
Cron test Tue Jun 23 13:49:01 CDT 2026
Cron test Tue Jun 23 13:50:01 CDT 2026
Cron test Tue Jun 23 13:51:01 CDT 2026
Cron test Tue Jun 23 13:52:01 CDT 2026
Cron test Tue Jun 23 13:53:01 CDT 2026
Cron test Tue Jun 23 13:54:01 CDT 2026
Cron test Tue Jun 23 13:55:01 CDT 2026
Cron test Tue Jun 23 13:56:02 CDT 2026
Cron test Tue Jun 23 13:57:01 CDT 2026
Cron test Tue Jun 23 13:58:01 CDT 2026
Cron test Tue Jun 23 13:59:01 CDT 2026
Cron test Tue Jun 23 14:00:01 CDT 2026
Cron test Tue Jun 23 14:01:01 CDT 2026
Cron test Tue Jun 23 14:02:01 CDT 2026
Cron test Tue Jun 23 14:03:01 CDT 2026
Cron test Tue Jun 23 14:04:00 CDT 2026
Cron test Tue Jun 23 14:05:02 CDT 2026
Cron test Tue Jun 23 14:06:01 CDT 2026
Cron test Tue Jun 23 14:07:01 CDT 2026
Cron test Tue Jun 23 14:08:01 CDT 2026
Cron test Tue Jun 23 14:09:01 CDT 2026
Cron test Tue Jun 23 14:10:01 CDT 2026
Cron test Tue Jun 23 14:11:01 CDT 2026
Cron test Tue Jun 23 14:12:01 CDT 2026
Cron test Tue Jun 23 14:13:01 CDT 2026
Cron test Tue Jun 23 14:14:01 CDT 2026
Cron test Tue Jun 23 14:15:01 CDT 2026
Cron test Tue Jun 23 14:16:01 CDT 2026
Cron test Tue Jun 23 14:17:01 CDT 2026
Cron test Tue Jun 23 14:18:01 CDT 2026
Cron test Tue Jun 23 14:19:01 CDT 2026
Cron test Tue Jun 23 14:20:01 CDT 2026
Cron test Tue Jun 23 14:21:01 CDT 2026
Cron test Tue Jun 23 14:22:01 CDT 2026
Cron test Tue Jun 23 14:23:01 CDT 2026
Cron test Tue Jun 23 14:24:01 CDT 2026
Cron test Tue Jun 23 14:25:01 CDT 2026
Cron test Tue Jun 23 14:26:01 CDT 2026
Cron test Tue Jun 23 14:27:01 CDT 2026
Cron test Tue Jun 23 14:28:01 CDT 2026
Cron test Tue Jun 23 14:29:01 CDT 2026
Cron test Tue Jun 23 14:30:01 CDT 2026
Cron test Tue Jun 23 14:31:01 CDT 2026
Cron test Tue Jun 23 14:32:01 CDT 2026
Cron test Tue Jun 23 14:33:02 CDT 2026
Cron test Tue Jun 23 14:34:01 CDT 2026
Cron test Wed Jun 24 09:41:58 CDT 2026
Cron test Wed Jun 24 09:41:59 CDT 2026
Cron test Wed Jun 24 09:42:01 CDT 2026
Cron test Wed Jun 24 09:43:01 CDT 2026
Cron test Wed Jun 24 09:44:01 CDT 2026
Cron test Wed Jun 24 09:45:01 CDT 2026
Cron test Wed Jun 24 09:46:01 CDT 2026
Cron test Wed Jun 24 09:47:01 CDT 2026
Cron test Wed Jun 24 09:48:01 CDT 2026
Cron test Wed Jun 24 09:49:01 CDT 2026
Cron test Wed Jun 24 09:50:01 CDT 2026
Cron test Wed Jun 24 09:51:01 CDT 2026
Cron test Wed Jun 24 09:52:01 CDT 2026
Cron test Wed Jun 24 09:53:01 CDT 2026
Cron test Wed Jun 24 09:54:01 CDT 2026
Cron test Wed Jun 24 09:55:01 CDT 2026
Cron test Wed Jun 24 09:56:01 CDT 2026
Cron test Wed Jun 24 09:57:01 CDT 2026
Cron test Wed Jun 24 09:58:01 CDT 2026
Cron test Wed Jun 24 09:59:01 CDT 2026
Cron test Wed Jun 24 10:00:02 CDT 2026
Cron test Wed Jun 24 10:01:01 CDT 2026
Cron test Wed Jun 24 10:02:01 CDT 2026
Cron test Wed Jun 24 10:03:01 CDT 2026
Cron test Wed Jun 24 10:04:01 CDT 2026
Cron test Wed Jun 24 10:05:01 CDT 2026
Cron test Wed Jun 24 10:06:01 CDT 2026
Cron test Wed Jun 24 10:07:01 CDT 2026
Cron test Wed Jun 24 10:08:01 CDT 2026
Cron test Wed Jun 24 10:09:01 CDT 2026
Cron test Wed Jun 24 10:10:01 CDT 2026
Cron test Wed Jun 24 10:11:01 CDT 2026
Cron test Wed Jun 24 10:12:01 CDT 2026
Cron test Wed Jun 24 10:13:01 CDT 2026
Cron test Wed Jun 24 10:14:01 CDT 2026
Cron test Wed Jun 24 10:15:01 CDT 2026
Cron test Wed Jun 24 10:16:01 CDT 2026
Cron test Wed Jun 24 10:17:01 CDT 2026
Cron test Wed Jun 24 10:18:01 CDT 2026
Cron test Wed Jun 24 10:19:01 CDT 2026
Cron test Wed Jun 24 10:20:01 CDT 2026
Cron test Wed Jun 24 10:21:01 CDT 2026
Cron test Wed Jun 24 10:22:02 CDT 2026
Cron test Wed Jun 24 10:23:01 CDT 2026
Cron test Wed Jun 24 10:24:01 CDT 2026
Cron test Wed Jun 24 10:25:01 CDT 2026
Cron test Wed Jun 24 10:26:01 CDT 2026
Cron test Wed Jun 24 10:27:01 CDT 2026
Cron test Wed Jun 24 10:28:01 CDT 2026
Cron test Wed Jun 24 10:29:01 CDT 2026
Cron test Wed Jun 24 10:30:01 CDT 2026
Cron test Wed Jun 24 10:31:01 CDT 2026
Cron test Wed Jun 24 10:32:01 CDT 2026
Cron test Wed Jun 24 10:33:01 CDT 2026
Cron test Wed Jun 24 10:34:01 CDT 2026
Cron test Wed Jun 24 10:35:01 CDT 2026
Cron test Wed Jun 24 10:36:01 CDT 2026
Cron test Wed Jun 24 10:37:01 CDT 2026
Cron test Wed Jun 24 10:38:01 CDT 2026
Cron test Wed Jun 24 10:39:01 CDT 2026
Cron test Wed Jun 24 10:40:01 CDT 2026
Cron test Wed Jun 24 10:41:01 CDT 2026
Cron test Wed Jun 24 10:42:01 CDT 2026
Cron test Wed Jun 24 10:43:01 CDT 2026
Cron test Wed Jun 24 10:44:01 CDT 2026
Cron test Wed Jun 24 10:45:01 CDT 2026
Cron test Wed Jun 24 10:46:01 CDT 2026
Cron test Wed Jun 24 10:47:01 CDT 2026
Cron test Wed Jun 24 10:48:01 CDT 2026
Cron test Wed Jun 24 10:50:55 CDT 2026
Cron test Wed Jun 24 10:50:55 CDT 2026
Cron test Wed Jun 24 10:51:02 CDT 2026
Cron test Wed Jun 24 10:52:03 CDT 2026
Cron test Wed Jun 24 10:53:01 CDT 2026
Cron test Wed Jun 24 10:54:01 CDT 2026
Cron test Wed Jun 24 10:55:01 CDT 2026
Cron test Wed Jun 24 10:56:01 CDT 2026
Cron test Wed Jun 24 10:57:01 CDT 2026
Cron test Wed Jun 24 10:58:01 CDT 2026
Cron test Wed Jun 24 10:59:01 CDT 2026
Cron test Wed Jun 24 11:00:01 CDT 2026
Cron test Wed Jun 24 11:01:01 CDT 2026
Cron test Wed Jun 24 11:02:01 CDT 2026
Cron test Wed Jun 24 11:03:01 CDT 2026
Cron test Wed Jun 24 11:04:01 CDT 2026
Cron test Wed Jun 24 11:05:01 CDT 2026
Cron test Wed Jun 24 11:06:01 CDT 2026
Cron test Wed Jun 24 11:07:01 CDT 2026
Cron test Wed Jun 24 11:08:01 CDT 2026
Cron test Wed Jun 24 11:09:01 CDT 2026
Cron test Wed Jun 24 11:10:01 CDT 2026
Cron test Wed Jun 24 11:11:01 CDT 2026
Cron test Wed Jun 24 11:12:01 CDT 2026
Cron test Wed Jun 24 11:13:01 CDT 2026
Cron test Wed Jun 24 11:14:01 CDT 2026
Cron test Wed Jun 24 13:36:27 CDT 2026
Cron test Wed Jun 24 13:37:04 CDT 2026
Cron test Wed Jun 24 13:38:01 CDT 2026
Cron test Wed Jun 24 13:39:01 CDT 2026
Cron test Wed Jun 24 13:40:01 CDT 2026
Cron test Wed Jun 24 13:41:01 CDT 2026
Cron test Wed Jun 24 13:42:02 CDT 2026
Cron test Wed Jun 24 13:43:01 CDT 2026
Cron test Wed Jun 24 13:44:01 CDT 2026
Cron test Wed Jun 24 13:45:01 CDT 2026
Cron test Wed Jun 24 13:46:01 CDT 2026
Cron test Wed Jun 24 13:47:01 CDT 2026
Cron test Wed Jun 24 13:48:01 CDT 2026
Cron test Wed Jun 24 13:49:01 CDT 2026
Cron test Wed Jun 24 13:50:01 CDT 2026
